{"event": "READY", "epoch": 1773374567.5041838, "monotonic": 2082.37383503, "backend": "cpu", "weight_sha256": "83d0d9eaa753fa4a1f925288dc1f90b8c3297fad0ab0f6ed1f11a1c5946da25a", "video_processed": false}
/root/fpga43dgs_reconstruction/arm_env/lib/python3.11/site-packages/torch/functional.py:554: UserWarning: torch.meshgrid: in an upcoming release, it will be required to pass the indexing argument. (Triggered internally at /pytorch/aten/src/ATen/native/TensorShape.cpp:4314.)
  return _VF.meshgrid(tensors, **kwargs)  # type: ignore[attr-defined]
{"prepared": "warm_cpu_serial4_v2/input", "seconds": 9.002562079999734, "context": [0, 29], "targets": [7, 15, 22], "geometry": {"context_features": [718, 825], "mutual_matches": 233, "essential_pose_inliers": 204, "positive_points": 204, "median_depth_before_normalization": 5.1909094909106575, "translation_scale": 1.9264446851770611, "baseline_after_normalization": 1.9264446851770607, "median_context_disparity_px": 25.900313694962076}}
{
  "world_covariance_relative_frobenius_max": 4.755335666538848e-07,
  "covariance_eigenvalues_clamped": 0,
  "opacity_max_abs_error": 1.2324867543211937e-08,
  "means_bitwise_preserved": true,
  "sh0_to_sh3_bitwise_preserved": true,
  "source_sh_degree": 4,
  "exported_sh_degree": 3,
  "sh4_coefficient_max_abs": 0.0005377748748287559,
  "complete": true,
  "gaussians": 32768,
  "cameras": 5,
  "seconds": 2.423524660000112
}
{
  "complete": true,
  "ready_to_receipt_seconds_record_only": 0.004575829999794223,
  "gaussian_scene_seconds": 26.330336030000126,
  "first_render_seconds": 0.8824100500000895,
  "scene_preparation_seconds": 27.212746080000215
}
