

================================================================
== Vivado HLS Report for 'render_lane_0u_s'
================================================================
* Date:           Wed Sep 30 18:39:14 2026

* Version:        2018.3 (Build 2405991 on Thu Dec 06 23:56:15 MST 2018)
* Project:        hls_pipeline_banks4_20260930
* Solution:       solution1
* Product family: zynq
* Target device:  xc7z030ffg676-2


================================================================
== Performance Estimates
================================================================
+ Timing (ns): 
    * Summary: 
    +--------+-------+----------+------------+
    |  Clock | Target| Estimated| Uncertainty|
    +--------+-------+----------+------------+
    |ap_clk  |   5.00|     8.768|        0.62|
    +--------+-------+----------+------------+

+ Latency (clock cycles): 
    * Summary: 
    +-----+-----+-----+-----+---------+
    |  Latency  |  Interval | Pipeline|
    | min | max | min | max |   Type  |
    +-----+-----+-----+-----+---------+
    |    ?|    ?|    ?|    ?|   none  |
    +-----+-----+-----+-----+---------+

    + Detail: 
        * Instance: 
        +--------------------------------+--------------------+-----+-----+-----+-----+---------+
        |                                |                    |  Latency  |  Interval | Pipeline|
        |            Instance            |       Module       | min | max | min | max |   Type  |
        +--------------------------------+--------------------+-----+-----+-----+-----+---------+
        |grp_evaluate_mini_0u_s_fu_1879  |evaluate_mini_0u_s  |  984|  984|  984|  984|   none  |
        +--------------------------------+--------------------+-----+-----+-----+-----+---------+

        * Loop: 
        +-------------+-----+-----+----------+-----------+-----------+------+----------+
        |             |  Latency  | Iteration|  Initiation Interval  | Trip |          |
        |  Loop Name  | min | max |  Latency |  achieved |   target  | Count| Pipelined|
        +-------------+-----+-----+----------+-----------+-----------+------+----------+
        |- Loop 1     |    ?|    ?| 68 ~ 998 |          -|          -|     ?|    no    |
        | + Loop 1.1  |    4|    4|         2|          1|          1|     4|    yes   |
        | + Loop 1.2  |    4|    4|         2|          1|          1|     4|    yes   |
        | + Loop 1.3  |   64|   64|         1|          1|          1|    64|    yes   |
        | + Loop 1.4  |   81|   81|        19|          1|          1|    64|    yes   |
        +-------------+-----+-----+----------+-----------+-----------+------+----------+



================================================================
== Utilization Estimates
================================================================
* Summary: 
+-----------------+---------+-------+--------+-------+
|       Name      | BRAM_18K| DSP48E|   FF   |  LUT  |
+-----------------+---------+-------+--------+-------+
|DSP              |        -|      -|       -|      -|
|Expression       |        -|      -|       0|    105|
|FIFO             |        -|      -|       -|      -|
|Instance         |       14|     18|    3654|   2716|
|Memory           |        -|      -|    1552|    128|
|Multiplexer      |        -|      -|       -|    654|
|Register         |        0|      -|    1385|    256|
+-----------------+---------+-------+--------+-------+
|Total            |       14|     18|    6591|   3859|
+-----------------+---------+-------+--------+-------+
|Available        |      530|    400|  157200|  78600|
+-----------------+---------+-------+--------+-------+
|Utilization (%)  |        2|      4|       4|      4|
+-----------------+---------+-------+--------+-------+

+ Detail: 
    * Instance: 
    +--------------------------------+----------------------+---------+-------+------+------+
    |            Instance            |        Module        | BRAM_18K| DSP48E|  FF  |  LUT |
    +--------------------------------+----------------------+---------+-------+------+------+
    |grp_evaluate_mini_0u_s_fu_1879  |evaluate_mini_0u_s    |       14|      6|  2631|  2202|
    |flicker_render_piHfu_U188       |flicker_render_piHfu  |        0|      0|     0|    17|
    |flicker_render_piHfu_U189       |flicker_render_piHfu  |        0|      0|     0|    17|
    |flicker_render_piHfu_U190       |flicker_render_piHfu  |        0|      0|     0|    17|
    |flicker_render_piHfu_U191       |flicker_render_piHfu  |        0|      0|     0|    17|
    |flicker_render_pibun_U192       |flicker_render_pibun  |        0|      0|     0|    17|
    |flicker_render_piudo_U185       |flicker_render_piudo  |        0|      2|   112|    39|
    |flicker_render_piudo_U186       |flicker_render_piudo  |        0|      2|   112|    39|
    |flicker_render_piudo_U187       |flicker_render_piudo  |        0|      2|   112|    39|
    |flicker_render_pixdS_U182       |flicker_render_pixdS  |        0|      2|   229|   104|
    |flicker_render_pixdS_U183       |flicker_render_pixdS  |        0|      2|   229|   104|
    |flicker_render_pixdS_U184       |flicker_render_pixdS  |        0|      2|   229|   104|
    +--------------------------------+----------------------+---------+-------+------+------+
    |Total                           |                      |       14|     18|  3654|  2716|
    +--------------------------------+----------------------+---------+-------+------+------+

    * DSP48: 
    N/A

    * Memory: 
    +-------------+----------------------+---------+----+----+------+-----+------+-------------+
    |    Memory   |        Module        | BRAM_18K| FF | LUT| Words| Bits| Banks| W*Bits*Banks|
    +-------------+----------------------+---------+----+----+------+-----+------+-------------+
    |stopped_0_U  |render_lane_0u_s_2iS  |        0|   2|   1|    16|    1|     1|           16|
    |stopped_1_U  |render_lane_0u_s_2iS  |        0|   2|   1|    16|    1|     1|           16|
    |stopped_2_U  |render_lane_0u_s_2iS  |        0|   2|   1|    16|    1|     1|           16|
    |stopped_3_U  |render_lane_0u_s_2iS  |        0|   2|   1|    16|    1|     1|           16|
    |mr_0_U       |render_lane_0u_s_6jw  |        0|  32|   1|     4|   16|     1|           64|
    |mr_1_U       |render_lane_0u_s_6jw  |        0|  32|   1|     4|   16|     1|           64|
    |mr_2_U       |render_lane_0u_s_6jw  |        0|  32|   1|     4|   16|     1|           64|
    |mr_3_U       |render_lane_0u_s_6jw  |        0|  32|   1|     4|   16|     1|           64|
    |mg_0_U       |render_lane_0u_s_6jw  |        0|  32|   1|     4|   16|     1|           64|
    |mg_1_U       |render_lane_0u_s_6jw  |        0|  32|   1|     4|   16|     1|           64|
    |mg_2_U       |render_lane_0u_s_6jw  |        0|  32|   1|     4|   16|     1|           64|
    |mg_3_U       |render_lane_0u_s_6jw  |        0|  32|   1|     4|   16|     1|           64|
    |mb_0_U       |render_lane_0u_s_6jw  |        0|  32|   1|     4|   16|     1|           64|
    |mb_1_U       |render_lane_0u_s_6jw  |        0|  32|   1|     4|   16|     1|           64|
    |mb_2_U       |render_lane_0u_s_6jw  |        0|  32|   1|     4|   16|     1|           64|
    |mb_3_U       |render_lane_0u_s_6jw  |        0|  32|   1|     4|   16|     1|           64|
    |mt_0_U       |render_lane_0u_s_6jw  |        0|  32|   1|     4|   16|     1|           64|
    |mt_1_U       |render_lane_0u_s_6jw  |        0|  32|   1|     4|   16|     1|           64|
    |mt_2_U       |render_lane_0u_s_6jw  |        0|  32|   1|     4|   16|     1|           64|
    |mt_3_U       |render_lane_0u_s_6jw  |        0|  32|   1|     4|   16|     1|           64|
    |rr_0_U       |render_lane_0u_s_IfE  |        0|  32|   4|    16|   16|     1|          256|
    |rr_1_U       |render_lane_0u_s_IfE  |        0|  32|   4|    16|   16|     1|          256|
    |rr_2_U       |render_lane_0u_s_IfE  |        0|  32|   4|    16|   16|     1|          256|
    |rr_3_U       |render_lane_0u_s_IfE  |        0|  32|   4|    16|   16|     1|          256|
    |gg_0_U       |render_lane_0u_s_IfE  |        0|  32|   4|    16|   16|     1|          256|
    |gg_1_U       |render_lane_0u_s_IfE  |        0|  32|   4|    16|   16|     1|          256|
    |gg_2_U       |render_lane_0u_s_IfE  |        0|  32|   4|    16|   16|     1|          256|
    |gg_3_U       |render_lane_0u_s_IfE  |        0|  32|   4|    16|   16|     1|          256|
    |bb_0_U       |render_lane_0u_s_IfE  |        0|  32|   4|    16|   16|     1|          256|
    |bb_1_U       |render_lane_0u_s_IfE  |        0|  32|   4|    16|   16|     1|          256|
    |bb_2_U       |render_lane_0u_s_IfE  |        0|  32|   4|    16|   16|     1|          256|
    |bb_3_U       |render_lane_0u_s_IfE  |        0|  32|   4|    16|   16|     1|          256|
    |tt_0_U       |render_lane_0u_s_IfE  |        0|  32|   4|    16|   16|     1|          256|
    |tt_1_U       |render_lane_0u_s_IfE  |        0|  32|   4|    16|   16|     1|          256|
    |tt_2_U       |render_lane_0u_s_IfE  |        0|  32|   4|    16|   16|     1|          256|
    |tt_3_U       |render_lane_0u_s_IfE  |        0|  32|   4|    16|   16|     1|          256|
    |last_0_U     |render_lane_0u_s_Yie  |        0|  64|   8|    16|   32|     1|          512|
    |last_1_U     |render_lane_0u_s_Yie  |        0|  64|   8|    16|   32|     1|          512|
    |last_2_U     |render_lane_0u_s_Yie  |        0|  64|   8|    16|   32|     1|          512|
    |last_3_U     |render_lane_0u_s_Yie  |        0|  64|   8|    16|   32|     1|          512|
    |ml_0_U       |render_lane_0u_s_bml  |        0|  64|   2|     4|   32|     1|          128|
    |ml_1_U       |render_lane_0u_s_bml  |        0|  64|   2|     4|   32|     1|          128|
    |ml_2_U       |render_lane_0u_s_bml  |        0|  64|   2|     4|   32|     1|          128|
    |ml_3_U       |render_lane_0u_s_bml  |        0|  64|   2|     4|   32|     1|          128|
    |ms_0_U       |render_lane_0u_s_bqm  |        0|   2|   1|     4|    1|     1|            4|
    |ms_1_U       |render_lane_0u_s_bqm  |        0|   2|   1|     4|    1|     1|            4|
    |ms_2_U       |render_lane_0u_s_bqm  |        0|   2|   1|     4|    1|     1|            4|
    |ms_3_U       |render_lane_0u_s_bqm  |        0|   2|   1|     4|    1|     1|            4|
    +-------------+----------------------+---------+----+----+------+-----+------+-------------+
    |Total        |                      |        0|1552| 128|   480|  776|    48|         7760|
    +-------------+----------------------+---------+----+----+------+-----+------+-------------+

    * FIFO: 
    N/A

    * Expression: 
    +------------------------------------+----------+-------+---+----+------------+------------+
    |            Variable Name           | Operation| DSP48E| FF| LUT| Bitwidth P0| Bitwidth P1|
    +------------------------------------+----------+-------+---+----+------------+------------+
    |k_3_fu_2114_p2                      |     +    |      0|  0|   7|           5|           3|
    |k_4_3_fu_2220_p2                    |     +    |      0|  0|   7|           5|           3|
    |p_2_fu_2157_p2                      |     +    |      0|  0|   6|           6|           6|
    |p_7_fu_2449_p2                      |     +    |      0|  0|   7|           7|           1|
    |p_8_fu_2269_p2                      |     +    |      0|  0|   7|           7|           1|
    |p_s_fu_2040_p2                      |     +    |      0|  0|   6|           6|           6|
    |tile_4_fu_2432_p2                   |     +    |      0|  0|  32|          32|           1|
    |ap_block_pp2_stage0_01001           |    and   |      0|  0|   1|           1|           1|
    |ap_block_state28_pp2_stage0_iter18  |    and   |      0|  0|   1|           1|           1|
    |tmp_101_fu_2263_p2                  |   icmp   |      0|  0|   4|           7|           8|
    |tmp_102_fu_2030_p2                  |   icmp   |      0|  0|   3|           5|           6|
    |tmp_112_fu_2147_p2                  |   icmp   |      0|  0|   3|           5|           6|
    |tmp_97_fu_1964_p2                   |   icmp   |      0|  0|   2|           2|           3|
    |tmp_98_fu_2443_p2                   |   icmp   |      0|  0|   4|           7|           8|
    |tmp_fu_1952_p2                      |   icmp   |      0|  0|   1|           2|           2|
    |tmp_s_fu_1958_p2                    |   icmp   |      0|  0|   1|           2|           1|
    |ap_block_state1                     |    or    |      0|  0|   1|           1|           1|
    |ap_enable_pp0                       |    xor   |      0|  0|   2|           1|           2|
    |ap_enable_pp1                       |    xor   |      0|  0|   2|           1|           2|
    |ap_enable_pp2                       |    xor   |      0|  0|   2|           1|           2|
    |ap_enable_reg_pp0_iter1             |    xor   |      0|  0|   2|           2|           1|
    |ap_enable_reg_pp1_iter1             |    xor   |      0|  0|   2|           2|           1|
    |ap_enable_reg_pp2_iter1             |    xor   |      0|  0|   2|           2|           1|
    +------------------------------------+----------+-------+---+----+------------+------------+
    |Total                               |          |      0|  0| 105|         110|          67|
    +------------------------------------+----------+-------+---+----+------------+------------+

    * Multiplexer: 
    +--------------------------+----+-----------+-----+-----------+
    |           Name           | LUT| Input Size| Bits| Total Bits|
    +--------------------------+----+-----------+-----+-----------+
    |ap_NS_fsm                 |   6|         12|    1|         12|
    |ap_done                   |   3|          2|    1|          2|
    |ap_enable_reg_pp0_iter1   |   3|          3|    1|          3|
    |ap_enable_reg_pp1_iter1   |   3|          3|    1|          3|
    |ap_enable_reg_pp2_iter1   |   3|          2|    1|          2|
    |ap_enable_reg_pp2_iter18  |   3|          2|    1|          2|
    |bb_0_address0             |   3|          3|    4|         12|
    |bb_0_address1             |   3|          3|    4|         12|
    |bb_0_d1                   |   3|          3|   16|         48|
    |bb_1_address0             |   3|          3|    4|         12|
    |bb_1_address1             |   3|          3|    4|         12|
    |bb_1_d1                   |   3|          3|   16|         48|
    |bb_2_address0             |   3|          3|    4|         12|
    |bb_2_address1             |   3|          3|    4|         12|
    |bb_2_d1                   |   3|          3|   16|         48|
    |bb_3_address0             |   3|          3|    4|         12|
    |bb_3_address1             |   3|          3|    4|         12|
    |bb_3_d1                   |   3|          3|   16|         48|
    |gg_0_address0             |   3|          3|    4|         12|
    |gg_0_address1             |   3|          3|    4|         12|
    |gg_0_d1                   |   3|          3|   16|         48|
    |gg_1_address0             |   3|          3|    4|         12|
    |gg_1_address1             |   3|          3|    4|         12|
    |gg_1_d1                   |   3|          3|   16|         48|
    |gg_2_address0             |   3|          3|    4|         12|
    |gg_2_address1             |   3|          3|    4|         12|
    |gg_2_d1                   |   3|          3|   16|         48|
    |gg_3_address0             |   3|          3|    4|         12|
    |gg_3_address1             |   3|          3|    4|         12|
    |gg_3_d1                   |   3|          3|   16|         48|
    |input_V_V_blk_n           |   3|          2|    1|          2|
    |k3_reg_1835               |   3|          2|    5|         10|
    |k5_reg_1846               |   3|          2|    5|         10|
    |last_0_address0           |   3|          3|    4|         12|
    |last_0_address1           |   3|          3|    4|         12|
    |last_0_d1                 |   3|          3|   32|         96|
    |last_1_address0           |   3|          3|    4|         12|
    |last_1_address1           |   3|          3|    4|         12|
    |last_1_d1                 |   3|          3|   32|         96|
    |last_2_address0           |   3|          3|    4|         12|
    |last_2_address1           |   3|          3|    4|         12|
    |last_2_d1                 |   3|          3|   32|         96|
    |last_3_address0           |   3|          3|    4|         12|
    |last_3_address1           |   3|          3|    4|         12|
    |last_3_d1                 |   3|          3|   32|         96|
    |mb_0_address0             |   3|          3|    2|          6|
    |mb_0_address1             |   3|          3|    2|          6|
    |mb_0_ce0                  |   3|          3|    1|          3|
    |mb_0_ce1                  |   3|          3|    1|          3|
    |mb_0_d1                   |   3|          3|   16|         48|
    |mb_0_we1                  |   3|          3|    1|          3|
    |mb_1_address0             |   3|          3|    2|          6|
    |mb_1_address1             |   3|          3|    2|          6|
    |mb_1_ce0                  |   3|          3|    1|          3|
    |mb_1_ce1                  |   3|          3|    1|          3|
    |mb_1_d1                   |   3|          3|   16|         48|
    |mb_1_we1                  |   3|          3|    1|          3|
    |mb_2_address0             |   3|          3|    2|          6|
    |mb_2_address1             |   3|          3|    2|          6|
    |mb_2_ce0                  |   3|          3|    1|          3|
    |mb_2_ce1                  |   3|          3|    1|          3|
    |mb_2_d1                   |   3|          3|   16|         48|
    |mb_2_we1                  |   3|          3|    1|          3|
    |mb_3_address0             |   3|          3|    2|          6|
    |mb_3_address1             |   3|          3|    2|          6|
    |mb_3_ce0                  |   3|          3|    1|          3|
    |mb_3_ce1                  |   3|          3|    1|          3|
    |mb_3_d1                   |   3|          3|   16|         48|
    |mb_3_we1                  |   3|          3|    1|          3|
    |mg_0_address0             |   3|          3|    2|          6|
    |mg_0_address1             |   3|          3|    2|          6|
    |mg_0_ce0                  |   3|          3|    1|          3|
    |mg_0_ce1                  |   3|          3|    1|          3|
    |mg_0_d1                   |   3|          3|   16|         48|
    |mg_0_we1                  |   3|          3|    1|          3|
    |mg_1_address0             |   3|          3|    2|          6|
    |mg_1_address1             |   3|          3|    2|          6|
    |mg_1_ce0                  |   3|          3|    1|          3|
    |mg_1_ce1                  |   3|          3|    1|          3|
    |mg_1_d1                   |   3|          3|   16|         48|
    |mg_1_we1                  |   3|          3|    1|          3|
    |mg_2_address0             |   3|          3|    2|          6|
    |mg_2_address1             |   3|          3|    2|          6|
    |mg_2_ce0                  |   3|          3|    1|          3|
    |mg_2_ce1                  |   3|          3|    1|          3|
    |mg_2_d1                   |   3|          3|   16|         48|
    |mg_2_we1                  |   3|          3|    1|          3|
    |mg_3_address0             |   3|          3|    2|          6|
    |mg_3_address1             |   3|          3|    2|          6|
    |mg_3_ce0                  |   3|          3|    1|          3|
    |mg_3_ce1                  |   3|          3|    1|          3|
    |mg_3_d1                   |   3|          3|   16|         48|
    |mg_3_we1                  |   3|          3|    1|          3|
    |ml_0_address1             |   3|          3|    2|          6|
    |ml_0_ce1                  |   3|          3|    1|          3|
    |ml_0_d1                   |   3|          3|   32|         96|
    |ml_0_we1                  |   3|          3|    1|          3|
    |ml_1_address1             |   3|          3|    2|          6|
    |ml_1_ce1                  |   3|          3|    1|          3|
    |ml_1_d1                   |   3|          3|   32|         96|
    |ml_1_we1                  |   3|          3|    1|          3|
    |ml_2_address1             |   3|          3|    2|          6|
    |ml_2_ce1                  |   3|          3|    1|          3|
    |ml_2_d1                   |   3|          3|   32|         96|
    |ml_2_we1                  |   3|          3|    1|          3|
    |ml_3_address1             |   3|          3|    2|          6|
    |ml_3_ce1                  |   3|          3|    1|          3|
    |ml_3_d1                   |   3|          3|   32|         96|
    |ml_3_we1                  |   3|          3|    1|          3|
    |mr_0_address0             |   3|          3|    2|          6|
    |mr_0_address1             |   3|          3|    2|          6|
    |mr_0_ce0                  |   3|          3|    1|          3|
    |mr_0_ce1                  |   3|          3|    1|          3|
    |mr_0_d1                   |   3|          3|   16|         48|
    |mr_0_we1                  |   3|          3|    1|          3|
    |mr_1_address0             |   3|          3|    2|          6|
    |mr_1_address1             |   3|          3|    2|          6|
    |mr_1_ce0                  |   3|          3|    1|          3|
    |mr_1_ce1                  |   3|          3|    1|          3|
    |mr_1_d1                   |   3|          3|   16|         48|
    |mr_1_we1                  |   3|          3|    1|          3|
    |mr_2_address0             |   3|          3|    2|          6|
    |mr_2_address1             |   3|          3|    2|          6|
    |mr_2_ce0                  |   3|          3|    1|          3|
    |mr_2_ce1                  |   3|          3|    1|          3|
    |mr_2_d1                   |   3|          3|   16|         48|
    |mr_2_we1                  |   3|          3|    1|          3|
    |mr_3_address0             |   3|          3|    2|          6|
    |mr_3_address1             |   3|          3|    2|          6|
    |mr_3_ce0                  |   3|          3|    1|          3|
    |mr_3_ce1                  |   3|          3|    1|          3|
    |mr_3_d1                   |   3|          3|   16|         48|
    |mr_3_we1                  |   3|          3|    1|          3|
    |ms_0_address0             |   3|          3|    2|          6|
    |ms_0_address1             |   3|          3|    2|          6|
    |ms_0_ce0                  |   3|          3|    1|          3|
    |ms_0_ce1                  |   3|          3|    1|          3|
    |ms_0_d1                   |   3|          3|    1|          3|
    |ms_0_we1                  |   3|          3|    1|          3|
    |ms_1_address0             |   3|          3|    2|          6|
    |ms_1_address1             |   3|          3|    2|          6|
    |ms_1_ce0                  |   3|          3|    1|          3|
    |ms_1_ce1                  |   3|          3|    1|          3|
    |ms_1_d1                   |   3|          3|    1|          3|
    |ms_1_we1                  |   3|          3|    1|          3|
    |ms_2_address0             |   3|          3|    2|          6|
    |ms_2_address1             |   3|          3|    2|          6|
    |ms_2_ce0                  |   3|          3|    1|          3|
    |ms_2_ce1                  |   3|          3|    1|          3|
    |ms_2_d1                   |   3|          3|    1|          3|
    |ms_2_we1                  |   3|          3|    1|          3|
    |ms_3_address0             |   3|          3|    2|          6|
    |ms_3_address1             |   3|          3|    2|          6|
    |ms_3_ce0                  |   3|          3|    1|          3|
    |ms_3_ce1                  |   3|          3|    1|          3|
    |ms_3_d1                   |   3|          3|    1|          3|
    |ms_3_we1                  |   3|          3|    1|          3|
    |mt_0_address0             |   3|          3|    2|          6|
    |mt_0_address1             |   3|          3|    2|          6|
    |mt_0_ce0                  |   3|          3|    1|          3|
    |mt_0_ce1                  |   3|          3|    1|          3|
    |mt_0_d1                   |   3|          3|   16|         48|
    |mt_0_we1                  |   3|          3|    1|          3|
    |mt_1_address0             |   3|          3|    2|          6|
    |mt_1_address1             |   3|          3|    2|          6|
    |mt_1_ce0                  |   3|          3|    1|          3|
    |mt_1_ce1                  |   3|          3|    1|          3|
    |mt_1_d1                   |   3|          3|   16|         48|
    |mt_1_we1                  |   3|          3|    1|          3|
    |mt_2_address0             |   3|          3|    2|          6|
    |mt_2_address1             |   3|          3|    2|          6|
    |mt_2_ce0                  |   3|          3|    1|          3|
    |mt_2_ce1                  |   3|          3|    1|          3|
    |mt_2_d1                   |   3|          3|   16|         48|
    |mt_2_we1                  |   3|          3|    1|          3|
    |mt_3_address0             |   3|          3|    2|          6|
    |mt_3_address1             |   3|          3|    2|          6|
    |mt_3_ce0                  |   3|          3|    1|          3|
    |mt_3_ce1                  |   3|          3|    1|          3|
    |mt_3_d1                   |   3|          3|   16|         48|
    |mt_3_we1                  |   3|          3|    1|          3|
    |output_V_V_blk_n          |   3|          2|    1|          2|
    |p1_reg_1857               |   3|          2|    7|         14|
    |p_reg_1868                |   3|          2|    7|         14|
    |rr_0_address0             |   3|          3|    4|         12|
    |rr_0_address1             |   3|          3|    4|         12|
    |rr_0_d1                   |   3|          3|   16|         48|
    |rr_1_address0             |   3|          3|    4|         12|
    |rr_1_address1             |   3|          3|    4|         12|
    |rr_1_d1                   |   3|          3|   16|         48|
    |rr_2_address0             |   3|          3|    4|         12|
    |rr_2_address1             |   3|          3|    4|         12|
    |rr_2_d1                   |   3|          3|   16|         48|
    |rr_3_address0             |   3|          3|    4|         12|
    |rr_3_address1             |   3|          3|    4|         12|
    |rr_3_d1                   |   3|          3|   16|         48|
    |stopped_0_address1        |   3|          3|    4|         12|
    |stopped_0_d1              |   3|          3|    1|          3|
    |stopped_1_address1        |   3|          3|    4|         12|
    |stopped_1_d1              |   3|          3|    1|          3|
    |stopped_2_address1        |   3|          3|    4|         12|
    |stopped_2_d1              |   3|          3|    1|          3|
    |stopped_3_address1        |   3|          3|    4|         12|
    |stopped_3_d1              |   3|          3|    1|          3|
    |tile_fu_142               |   3|          2|   32|         64|
    |tt_0_address0             |   3|          3|    4|         12|
    |tt_0_address1             |   3|          3|    4|         12|
    |tt_0_d1                   |   3|          3|   16|         48|
    |tt_1_address0             |   3|          3|    4|         12|
    |tt_1_address1             |   3|          3|    4|         12|
    |tt_1_d1                   |   3|          3|   16|         48|
    |tt_2_address0             |   3|          3|    4|         12|
    |tt_2_address1             |   3|          3|    4|         12|
    |tt_2_d1                   |   3|          3|   16|         48|
    |tt_3_address0             |   3|          3|    4|         12|
    |tt_3_address1             |   3|          3|    4|         12|
    |tt_3_d1                   |   3|          3|   16|         48|
    +--------------------------+----+-----------+-----+-----------+
    |Total                     | 654|        650| 1172|       3464|
    +--------------------------+----+-----------+-----+-----------+

    * Register: 
    +---------------------------------------------+-----+----+-----+-----------+
    |                     Name                    |  FF | LUT| Bits| Const Bits|
    +---------------------------------------------+-----+----+-----+-----------+
    |ap_CS_fsm                                    |   11|   0|   11|          0|
    |ap_done_reg                                  |    1|   0|    1|          0|
    |ap_enable_reg_pp0_iter0                      |    1|   0|    1|          0|
    |ap_enable_reg_pp0_iter1                      |    1|   0|    1|          0|
    |ap_enable_reg_pp1_iter0                      |    1|   0|    1|          0|
    |ap_enable_reg_pp1_iter1                      |    1|   0|    1|          0|
    |ap_enable_reg_pp2_iter0                      |    1|   0|    1|          0|
    |ap_enable_reg_pp2_iter1                      |    1|   0|    1|          0|
    |ap_enable_reg_pp2_iter10                     |    1|   0|    1|          0|
    |ap_enable_reg_pp2_iter11                     |    1|   0|    1|          0|
    |ap_enable_reg_pp2_iter12                     |    1|   0|    1|          0|
    |ap_enable_reg_pp2_iter13                     |    1|   0|    1|          0|
    |ap_enable_reg_pp2_iter14                     |    1|   0|    1|          0|
    |ap_enable_reg_pp2_iter15                     |    1|   0|    1|          0|
    |ap_enable_reg_pp2_iter16                     |    1|   0|    1|          0|
    |ap_enable_reg_pp2_iter17                     |    1|   0|    1|          0|
    |ap_enable_reg_pp2_iter18                     |    1|   0|    1|          0|
    |ap_enable_reg_pp2_iter2                      |    1|   0|    1|          0|
    |ap_enable_reg_pp2_iter3                      |    1|   0|    1|          0|
    |ap_enable_reg_pp2_iter4                      |    1|   0|    1|          0|
    |ap_enable_reg_pp2_iter5                      |    1|   0|    1|          0|
    |ap_enable_reg_pp2_iter6                      |    1|   0|    1|          0|
    |ap_enable_reg_pp2_iter7                      |    1|   0|    1|          0|
    |ap_enable_reg_pp2_iter8                      |    1|   0|    1|          0|
    |ap_enable_reg_pp2_iter9                      |    1|   0|    1|          0|
    |arrayNo_reg_2891                             |    2|   0|   32|         30|
    |bc_reg_2543                                  |   16|   0|   16|          0|
    |bg_reg_2538                                  |   16|   0|   16|          0|
    |br_reg_2533                                  |   16|   0|   16|          0|
    |grp_evaluate_mini_0u_s_fu_1879_ap_start_reg  |    1|   0|    1|          0|
    |k3_reg_1835                                  |    5|   0|    5|          0|
    |k5_reg_1846                                  |    5|   0|    5|          0|
    |newIndex44_reg_2691                          |    4|   0|    4|          0|
    |newIndex48_reg_2841                          |    5|   0|   64|         59|
    |newIndex51_reg_2557                          |    3|   0|    3|          0|
    |p1_reg_1857                                  |    7|   0|    7|          0|
    |p_Result_s_reg_2521                          |    2|   0|    2|          0|
    |p_reg_1868                                   |    7|   0|    7|          0|
    |tile_fu_142                                  |   32|   0|   32|          0|
    |tmp_101_reg_2821                             |    1|   0|    1|          0|
    |tmp_102_reg_2548                             |    1|   0|    1|          0|
    |tmp_104_reg_2967                             |   16|   0|   16|          0|
    |tmp_105_reg_2972                             |   16|   0|   16|          0|
    |tmp_106_reg_2977                             |   16|   0|   16|          0|
    |tmp_107_reg_2982                             |   16|   0|   16|          0|
    |tmp_108_reg_2992                             |   16|   0|   16|          0|
    |tmp_109_reg_2987                             |   16|   0|   16|          0|
    |tmp_112_reg_2682                             |    1|   0|    1|          0|
    |tmp_114_reg_2830                             |    2|   0|    2|          0|
    |tmp_115_reg_2836                             |    1|   0|    1|          0|
    |tmp_116_reg_2881                             |    1|   0|    1|          0|
    |tmp_24_reg_2886                              |    2|   0|    2|          0|
    |tmp_26_reg_2726                              |    2|   0|    2|          0|
    |tmp_99_reg_2527                              |    2|   0|    6|          4|
    |tmp_V_4_reg_2504                             |  512|   0|  512|          0|
    |v_assign_1_reg_3022                          |   16|   0|   16|          0|
    |v_assign_2_reg_3027                          |   16|   0|   16|          0|
    |v_assign_reg_3017                            |   16|   0|   16|          0|
    |v_assign_s_reg_2899                          |   16|   0|   16|          0|
    |val_assign_s_reg_3032                        |   32|   0|   32|          0|
    |arrayNo_reg_2891                             |   64|  32|   32|         30|
    |newIndex48_reg_2841                          |   64|  32|   64|         59|
    |tmp_101_reg_2821                             |   64|  32|    1|          0|
    |tmp_114_reg_2830                             |   64|  32|    2|          0|
    |tmp_115_reg_2836                             |   64|  32|    1|          0|
    |tmp_116_reg_2881                             |   64|  32|    1|          0|
    |tmp_24_reg_2886                              |   64|  32|    2|          0|
    |v_assign_s_reg_2899                          |   64|  32|   16|          0|
    +---------------------------------------------+-----+----+-----+-----------+
    |Total                                        | 1385| 256| 1085|        182|
    +---------------------------------------------+-----+----+-----+-----------+



================================================================
== Interface
================================================================
* Summary: 
+-------------------+-----+-----+------------+-----------------+--------------+
|     RTL Ports     | Dir | Bits|  Protocol  |  Source Object  |    C Type    |
+-------------------+-----+-----+------------+-----------------+--------------+
|ap_clk             |  in |    1| ap_ctrl_hs | render_lane<0u> | return value |
|ap_rst             |  in |    1| ap_ctrl_hs | render_lane<0u> | return value |
|ap_start           |  in |    1| ap_ctrl_hs | render_lane<0u> | return value |
|ap_done            | out |    1| ap_ctrl_hs | render_lane<0u> | return value |
|ap_continue        |  in |    1| ap_ctrl_hs | render_lane<0u> | return value |
|ap_idle            | out |    1| ap_ctrl_hs | render_lane<0u> | return value |
|ap_ready           | out |    1| ap_ctrl_hs | render_lane<0u> | return value |
|input_V_V_dout     |  in |  512|   ap_fifo  |    input_V_V    |    pointer   |
|input_V_V_empty_n  |  in |    1|   ap_fifo  |    input_V_V    |    pointer   |
|input_V_V_read     | out |    1|   ap_fifo  |    input_V_V    |    pointer   |
|output_V_V_din     | out |  128|   ap_fifo  |    output_V_V   |    pointer   |
|output_V_V_full_n  |  in |    1|   ap_fifo  |    output_V_V   |    pointer   |
|output_V_V_write   | out |    1|   ap_fifo  |    output_V_V   |    pointer   |
+-------------------+-----+-----+------------+-----------------+--------------+

