Copyright 1986-2018 Xilinx, Inc. All Rights Reserved.
----------------------------------------------------------------------------------------------------------------------------------------------
| Tool Version : Vivado v.2018.3 (win64) Build 2405991 Thu Dec  6 23:38:27 MST 2018
| Date         : Wed Sep 30 16:22:25 2026
| Host         : cysc-0286 running 64-bit major release  (build 9200)
| Command      : check_timing -verbose -file D:/ADProjects/FPGA43DGS/examples/3dgs_flicker_hw/build/board_rom_final_20260930/check_timing.rpt
| Design       : ai7030_edif_top
| Device       : 7z030-ffg676
| Speed File   : -2  PRODUCTION 1.11 2025-11-03
----------------------------------------------------------------------------------------------------------------------------------------------


check_timing report

Table of Contents
-----------------
1. checking no_clock
2. checking constant_clock
3. checking pulse_width_clock
4. checking unconstrained_internal_endpoints
5. checking no_input_delay
6. checking no_output_delay
7. checking multiple_clock
8. checking generated_clocks
9. checking loops
10. checking partial_input_delay
11. checking partial_output_delay
12. checking latch_loops

1. checking no_clock
--------------------
 There are 0 register/latch pins with no clock.


2. checking constant_clock
--------------------------
 There are 0 register/latch pins with constant_clock.


3. checking pulse_width_clock
-----------------------------
 There are 0 register/latch pins which need pulse_width check


4. checking unconstrained_internal_endpoints
--------------------------------------------
 There are 0 pins that are not constrained for maximum delay.

 There are 0 pins that are not constrained for maximum delay due to constant clock.


5. checking no_input_delay
--------------------------
 There are 11 input ports with no input delay specified. (HIGH)

PJTAG_TDI
PJTAG_TMS
ddr3_dqs_p[0]
ddr3_dqs_p[1]
ddr3_dqs_p[2]
ddr3_dqs_p[3]
ddr3_dqs_p[4]
ddr3_dqs_p[5]
ddr3_dqs_p[6]
ddr3_dqs_p[7]
rx_gtx_full_reset

 There is 1 input port with no input delay but user has a false path constraint. (MEDIUM)

sys_rst


6. checking no_output_delay
---------------------------
 There are 6 ports with no output delay specified. (HIGH)

HDMI_CLK_P
HDMI_TX_P[0]
HDMI_TX_P[1]
HDMI_TX_P[2]
PJTAG_TDO
ddr3_reset_n

 There are 2 ports with no output delay but user has a false path constraint (MEDIUM)

led[0]
led[1]

 There are 0 ports with no output delay but with a timing clock defined on it or propagating through it


7. checking multiple_clock
--------------------------
 There are 0 register/latch pins with multiple clocks.


8. checking generated_clocks
----------------------------
 There are 0 generated clocks that are not connected to a clock source.


9. checking loops
-----------------
 There are 0 combinational loops in the design.


10. checking partial_input_delay
--------------------------------
 There are 0 input ports with partial input delay specified.


11. checking partial_output_delay
---------------------------------
 There are 0 ports with partial output delay specified.


12. checking latch_loops
------------------------
 There are 0 combinational latch loops in the design through latch input


