

================================================================
== Vivado HLS Report for 'render_lane_0u_s'
================================================================
* Date:           Wed Sep 30 19:52:01 2026

* Version:        2018.3 (Build 2405991 on Thu Dec 06 23:56:15 MST 2018)
* Project:        hls_pipeline_grouplutram_20260930
* Solution:       solution1
* Product family: zynq
* Target device:  xc7z030ffg676-2


================================================================
== Performance Estimates
================================================================
+ Timing (ns): 
    * Summary: 
    +--------+-------+----------+------------+
    |  Clock | Target| Estimated| Uncertainty|
    +--------+-------+----------+------------+
    |ap_clk  |   5.00|     5.292|        0.62|
    +--------+-------+----------+------------+

+ Latency (clock cycles): 
    * Summary: 
    +-----+-----+-----+-----+---------+
    |  Latency  |  Interval | Pipeline|
    | min | max | min | max |   Type  |
    +-----+-----+-----+-----+---------+
    |    ?|    ?|    ?|    ?|   none  |
    +-----+-----+-----+-----+---------+

    + Detail: 
        * Instance: 
        +--------------------------------+---------------------+-----+-----+-----+-----+---------+
        |                                |                     |  Latency  |  Interval | Pipeline|
        |            Instance            |        Module       | min | max | min | max |   Type  |
        +--------------------------------+---------------------+-----+-----+-----+-----+---------+
        |grp_evaluate_group_0u_s_fu_446  |evaluate_group_0u_s  |  134|  182|  134|  182|   none  |
        +--------------------------------+---------------------+-----+-----+-----+-----+---------+

        * Loop: 
        +-------------+-----+-----+----------+-----------+-----------+------+----------+
        |             |  Latency  | Iteration|  Initiation Interval  | Trip |          |
        |  Loop Name  | min | max |  Latency |  achieved |   target  | Count| Pipelined|
        +-------------+-----+-----+----------+-----------+-----------+------+----------+
        |- Loop 1     |    4|    4|         1|          -|          -|     4|    no    |
        |- Loop 2     |    ?|    ?|  3 ~ 269 |          -|          -|     ?|    no    |
        | + Loop 2.1  |   64|   64|         1|          1|          1|    64|    yes   |
        | + Loop 2.2  |   81|   81|        19|          1|          1|    64|    yes   |
        +-------------+-----+-----+----------+-----------+-----------+------+----------+



================================================================
== Utilization Estimates
================================================================
* Summary: 
+-----------------+---------+-------+--------+-------+
|       Name      | BRAM_18K| DSP48E|   FF   |  LUT  |
+-----------------+---------+-------+--------+-------+
|DSP              |        -|      -|       -|      -|
|Expression       |        -|      -|       0|     90|
|FIFO             |        -|      -|       -|      -|
|Instance         |       14|     54|    8500|   4997|
|Memory           |        6|      -|     448|     14|
|Multiplexer      |        -|      -|       -|    156|
|Register         |        0|      -|    1603|    224|
+-----------------+---------+-------+--------+-------+
|Total            |       20|     54|   10551|   5481|
+-----------------+---------+-------+--------+-------+
|Available        |      530|    400|  157200|  78600|
+-----------------+---------+-------+--------+-------+
|Utilization (%)  |        3|     13|       6|      6|
+-----------------+---------+-------+--------+-------+

+ Detail: 
    * Instance: 
    +--------------------------------+----------------------+---------+-------+------+------+
    |            Instance            |        Module        | BRAM_18K| DSP48E|  FF  |  LUT |
    +--------------------------------+----------------------+---------+-------+------+------+
    |grp_evaluate_group_0u_s_fu_446  |evaluate_group_0u_s   |       14|     42|  7477|  4568|
    |flicker_render_piudo_U175       |flicker_render_piudo  |        0|      2|   112|    39|
    |flicker_render_piudo_U176       |flicker_render_piudo  |        0|      2|   112|    39|
    |flicker_render_piudo_U177       |flicker_render_piudo  |        0|      2|   112|    39|
    |flicker_render_pixdS_U172       |flicker_render_pixdS  |        0|      2|   229|   104|
    |flicker_render_pixdS_U173       |flicker_render_pixdS  |        0|      2|   229|   104|
    |flicker_render_pixdS_U174       |flicker_render_pixdS  |        0|      2|   229|   104|
    +--------------------------------+----------------------+---------+-------+------+------+
    |Total                           |                      |       14|     54|  8500|  4997|
    +--------------------------------+----------------------+---------+-------+------+------+

    * DSP48: 
    N/A

    * Memory: 
    +-------------+----------------------+---------+-----+----+------+-----+------+-------------+
    |    Memory   |        Module        | BRAM_18K|  FF | LUT| Words| Bits| Banks| W*Bits*Banks|
    +-------------+----------------------+---------+-----+----+------+-----+------+-------------+
    |last_U       |render_lane_0u_s_DeQ  |        1|    0|   0|    64|   32|     1|         2048|
    |stopped_U    |render_lane_0u_s_Ee0  |        1|    0|   0|    64|    1|     1|           64|
    |records_V_U  |render_lane_0u_s_Ffa  |        0|  448|  14|     4|  224|     1|          896|
    |rr_U         |render_lane_0u_s_rr   |        1|    0|   0|    64|   16|     1|         1024|
    |gg_U         |render_lane_0u_s_rr   |        1|    0|   0|    64|   16|     1|         1024|
    |bb_U         |render_lane_0u_s_rr   |        1|    0|   0|    64|   16|     1|         1024|
    |tt_U         |render_lane_0u_s_rr   |        1|    0|   0|    64|   16|     1|         1024|
    +-------------+----------------------+---------+-----+----+------+-----+------+-------------+
    |Total        |                      |        6|  448|  14|   388|  321|     7|         7104|
    +-------------+----------------------+---------+-----+----+------+-----+------+-------------+

    * FIFO: 
    N/A

    * Expression: 
    +------------------------------------+----------+-------+---+----+------------+------------+
    |            Variable Name           | Operation| DSP48E| FF| LUT| Bitwidth P0| Bitwidth P1|
    +------------------------------------+----------+-------+---+----+------------+------------+
    |p_7_fu_751_p2                       |     +    |      0|  0|   7|           7|           1|
    |p_8_fu_653_p2                       |     +    |      0|  0|   7|           7|           1|
    |sub_10_fu_494_p2                    |     +    |      0|  0|   4|           3|           1|
    |tile_4_fu_734_p2                    |     +    |      0|  0|  32|          32|           1|
    |ap_block_pp0_stage0_01001           |    and   |      0|  0|   1|           1|           1|
    |ap_block_state25_pp0_stage0_iter18  |    and   |      0|  0|   1|           1|           1|
    |ap_block_state3                     |    and   |      0|  0|   1|           1|           1|
    |ap_block_state5_on_subcall_done     |    and   |      0|  0|   1|           1|           1|
    |ap_predicate_op76_call_state5       |    and   |      0|  0|   1|           1|           1|
    |or_cond_fu_554_p2                   |    and   |      0|  0|   1|           1|           1|
    |tmp_105_fu_535_p2                   |   icmp   |      0|  0|   2|           4|           1|
    |tmp_106_fu_544_p2                   |   icmp   |      0|  0|   1|           2|           1|
    |tmp_107_fu_549_p2                   |   icmp   |      0|  0|  12|          32|          32|
    |tmp_108_fu_560_p2                   |   icmp   |      0|  0|   1|           2|           2|
    |tmp_109_fu_565_p2                   |   icmp   |      0|  0|   1|           2|           1|
    |tmp_110_fu_570_p2                   |   icmp   |      0|  0|   2|           2|           3|
    |tmp_111_fu_745_p2                   |   icmp   |      0|  0|   4|           7|           8|
    |tmp_115_fu_647_p2                   |   icmp   |      0|  0|   4|           7|           8|
    |tmp_fu_488_p2                       |   icmp   |      0|  0|   2|           3|           4|
    |ap_block_state1                     |    or    |      0|  0|   1|           1|           1|
    |ap_enable_pp0                       |    xor   |      0|  0|   2|           1|           2|
    |ap_enable_reg_pp0_iter1             |    xor   |      0|  0|   2|           2|           1|
    +------------------------------------+----------+-------+---+----+------------+------------+
    |Total                               |          |      0|  0|  90|         120|          74|
    +------------------------------------+----------+-------+---+----+------------+------------+

    * Multiplexer: 
    +------------------------------------+----+-----------+-----+-----------+
    |                Name                | LUT| Input Size| Bits| Total Bits|
    +------------------------------------+----+-----------+-----+-----------+
    |ap_NS_fsm                           |   6|         12|    1|         12|
    |ap_done                             |   3|          2|    1|          2|
    |ap_enable_reg_pp0_iter1             |   3|          2|    1|          2|
    |ap_enable_reg_pp0_iter18            |   3|          2|    1|          2|
    |ap_phi_mux_p_Val2_19_phi_fu_373_p6  |   3|          2|    4|          8|
    |bb_address0                         |   3|          3|    6|         18|
    |bb_address1                         |   3|          3|    6|         18|
    |bb_ce0                              |   3|          3|    1|          3|
    |bb_ce1                              |   3|          3|    1|          3|
    |bb_d1                               |   3|          3|   16|         48|
    |bb_we1                              |   3|          3|    1|          3|
    |end_reg_359                         |   3|          2|    1|          2|
    |gg_address0                         |   3|          3|    6|         18|
    |gg_address1                         |   3|          3|    6|         18|
    |gg_ce0                              |   3|          3|    1|          3|
    |gg_ce1                              |   3|          3|    1|          3|
    |gg_d1                               |   3|          3|   16|         48|
    |gg_we1                              |   3|          3|    1|          3|
    |group_ordinal_fu_166                |   3|          2|   32|         64|
    |input_V_V_blk_n                     |   3|          2|    1|          2|
    |last_address0                       |   3|          4|    6|         24|
    |last_ce0                            |   3|          3|    1|          3|
    |last_d0                             |   3|          3|   32|         96|
    |last_we0                            |   3|          3|    1|          3|
    |output_V_V_blk_n                    |   3|          2|    1|          2|
    |p1_reg_385                          |   3|          2|    7|         14|
    |p_0_be_reg_407                      |   3|          3|    4|         12|
    |p_0_reg_347                         |   3|          2|    4|          8|
    |p_Val2_19_reg_370                   |   3|          3|    4|         12|
    |p_reg_396                           |   3|          2|    7|         14|
    |records_V_address1                  |   3|          3|    2|          6|
    |records_V_ce0                       |   3|          2|    1|          2|
    |records_V_d1                        |   3|          3|  224|        672|
    |rr_address0                         |   3|          3|    6|         18|
    |rr_address1                         |   3|          3|    6|         18|
    |rr_ce0                              |   3|          3|    1|          3|
    |rr_ce1                              |   3|          3|    1|          3|
    |rr_d1                               |   3|          3|   16|         48|
    |rr_we1                              |   3|          3|    1|          3|
    |stopped_address0                    |   3|          3|    6|         18|
    |stopped_ce0                         |   3|          3|    1|          3|
    |stopped_ce1                         |   3|          2|    1|          2|
    |stopped_we1                         |   3|          2|    1|          2|
    |sub_reg_336                         |   3|          2|    3|          6|
    |tile_fu_162                         |   3|          2|   32|         64|
    |tt_address0                         |   3|          3|    6|         18|
    |tt_address1                         |   3|          3|    6|         18|
    |tt_ce0                              |   3|          3|    1|          3|
    |tt_ce1                              |   3|          3|    1|          3|
    |tt_d1                               |   3|          3|   16|         48|
    |tt_we1                              |   3|          3|    1|          3|
    +------------------------------------+----+-----------+-----+-----------+
    |Total                               | 156|        147|  504|       1429|
    +------------------------------------+----+-----------+-----+-----------+

    * Register: 
    +---------------------------------------------+-----+----+-----+-----------+
    |                     Name                    |  FF | LUT| Bits| Const Bits|
    +---------------------------------------------+-----+----+-----+-----------+
    |ap_CS_fsm                                    |   11|   0|   11|          0|
    |ap_done_reg                                  |    1|   0|    1|          0|
    |ap_enable_reg_pp0_iter0                      |    1|   0|    1|          0|
    |ap_enable_reg_pp0_iter1                      |    1|   0|    1|          0|
    |ap_enable_reg_pp0_iter10                     |    1|   0|    1|          0|
    |ap_enable_reg_pp0_iter11                     |    1|   0|    1|          0|
    |ap_enable_reg_pp0_iter12                     |    1|   0|    1|          0|
    |ap_enable_reg_pp0_iter13                     |    1|   0|    1|          0|
    |ap_enable_reg_pp0_iter14                     |    1|   0|    1|          0|
    |ap_enable_reg_pp0_iter15                     |    1|   0|    1|          0|
    |ap_enable_reg_pp0_iter16                     |    1|   0|    1|          0|
    |ap_enable_reg_pp0_iter17                     |    1|   0|    1|          0|
    |ap_enable_reg_pp0_iter18                     |    1|   0|    1|          0|
    |ap_enable_reg_pp0_iter2                      |    1|   0|    1|          0|
    |ap_enable_reg_pp0_iter3                      |    1|   0|    1|          0|
    |ap_enable_reg_pp0_iter4                      |    1|   0|    1|          0|
    |ap_enable_reg_pp0_iter5                      |    1|   0|    1|          0|
    |ap_enable_reg_pp0_iter6                      |    1|   0|    1|          0|
    |ap_enable_reg_pp0_iter7                      |    1|   0|    1|          0|
    |ap_enable_reg_pp0_iter8                      |    1|   0|    1|          0|
    |ap_enable_reg_pp0_iter9                      |    1|   0|    1|          0|
    |bb_load_reg_948                              |   16|   0|   16|          0|
    |bc_reg_853                                   |   16|   0|   16|          0|
    |bg_reg_848                                   |   16|   0|   16|          0|
    |br_reg_843                                   |   16|   0|   16|          0|
    |end_be_reg_425                               |    1|   0|    1|          0|
    |end_reg_359                                  |    1|   0|    1|          0|
    |gg_load_reg_938                              |   16|   0|   16|          0|
    |group_ordinal_fu_166                         |   32|   0|   32|          0|
    |grp_evaluate_group_0u_s_fu_446_ap_start_reg  |    1|   0|    1|          0|
    |incoming_ordinal_reg_806                     |   32|   0|   32|          0|
    |last_load_reg_978                            |   32|   0|   32|          0|
    |or_cond_reg_816                              |    1|   0|    1|          0|
    |p1_reg_385                                   |    7|   0|    7|          0|
    |p_0_be_reg_407                               |    4|   0|    4|          0|
    |p_0_reg_347                                  |    4|   0|    4|          0|
    |p_Result_i_reg_798                           |    2|   0|    2|          0|
    |p_Result_s_77_reg_832                        |    2|   0|    2|          0|
    |p_Val2_19_reg_370                            |    4|   0|    4|          0|
    |p_reg_396                                    |    7|   0|    7|          0|
    |rr_load_reg_928                              |   16|   0|   16|          0|
    |sub_reg_336                                  |    3|   0|    3|          0|
    |tile_fu_162                                  |   32|   0|   32|          0|
    |tmp_105_reg_812                              |    1|   0|    1|          0|
    |tmp_113_reg_838                              |  224|   0|  224|          0|
    |tmp_115_reg_863                              |    1|   0|    1|          0|
    |tmp_116_reg_872                              |    2|   0|    2|          0|
    |tmp_117_reg_882                              |    7|   0|   64|         57|
    |tmp_118_reg_933                              |   16|   0|   16|          0|
    |tmp_119_reg_943                              |   16|   0|   16|          0|
    |tmp_120_reg_953                              |   16|   0|   16|          0|
    |tmp_121_reg_877                              |    1|   0|    1|          0|
    |tmp_122_reg_895                              |    1|   0|    1|          0|
    |tmp_14_reg_900                               |    2|   0|    2|          0|
    |tmp_V_4_reg_789                              |  512|   0|  512|          0|
    |tt_load_reg_905                              |   16|   0|   16|          0|
    |v_assign_1_reg_973                           |   16|   0|   16|          0|
    |v_assign_reg_963                             |   16|   0|   16|          0|
    |v_assign_s_reg_968                           |   16|   0|   16|          0|
    |tmp_115_reg_863                              |   64|  32|    1|          0|
    |tmp_116_reg_872                              |   64|  32|    2|          0|
    |tmp_117_reg_882                              |   64|  32|   64|         57|
    |tmp_121_reg_877                              |   64|  32|    1|          0|
    |tmp_122_reg_895                              |   64|  32|    1|          0|
    |tmp_14_reg_900                               |   64|  32|    2|          0|
    |tt_load_reg_905                              |   64|  32|   16|          0|
    +---------------------------------------------+-----+----+-----+-----------+
    |Total                                        | 1603| 224| 1299|        114|
    +---------------------------------------------+-----+----+-----+-----------+



================================================================
== Interface
================================================================
* Summary: 
+-------------------+-----+-----+------------+-----------------+--------------+
|     RTL Ports     | Dir | Bits|  Protocol  |  Source Object  |    C Type    |
+-------------------+-----+-----+------------+-----------------+--------------+
|ap_clk             |  in |    1| ap_ctrl_hs | render_lane<0u> | return value |
|ap_rst             |  in |    1| ap_ctrl_hs | render_lane<0u> | return value |
|ap_start           |  in |    1| ap_ctrl_hs | render_lane<0u> | return value |
|ap_done            | out |    1| ap_ctrl_hs | render_lane<0u> | return value |
|ap_continue        |  in |    1| ap_ctrl_hs | render_lane<0u> | return value |
|ap_idle            | out |    1| ap_ctrl_hs | render_lane<0u> | return value |
|ap_ready           | out |    1| ap_ctrl_hs | render_lane<0u> | return value |
|input_V_V_dout     |  in |  512|   ap_fifo  |    input_V_V    |    pointer   |
|input_V_V_empty_n  |  in |    1|   ap_fifo  |    input_V_V    |    pointer   |
|input_V_V_read     | out |    1|   ap_fifo  |    input_V_V    |    pointer   |
|output_V_V_din     | out |  128|   ap_fifo  |    output_V_V   |    pointer   |
|output_V_V_full_n  |  in |    1|   ap_fifo  |    output_V_V   |    pointer   |
|output_V_V_write   | out |    1|   ap_fifo  |    output_V_V   |    pointer   |
+-------------------+-----+-----+------------+-----------------+--------------+

