Copyright 1986-2018 Xilinx, Inc. All Rights Reserved.
------------------------------------------------------------------------------------------------------------------------------------------------
| Tool Version : Vivado v.2018.3 (win64) Build 2405991 Thu Dec  6 23:38:27 MST 2018
| Date         : Wed Sep 30 22:10:41 2026
| Host         : cysc-0286 running 64-bit major release  (build 9200)
| Command      : report_utilization -file D:/ADProjects/FPGA43DGS/examples/3dgs_flicker_hw/build/resource_shared_audit_20260930/utilization.rpt
| Design       : ai7030_edif_top
| Device       : 7z030ffg676-2
| Design State : Synthesized
------------------------------------------------------------------------------------------------------------------------------------------------

Utilization Design Information

Table of Contents
-----------------
1. Slice Logic
1.1 Summary of Registers by Type
2. Memory
3. DSP
4. IO and GT Specific
5. Clocking
6. Specific Feature
7. Primitives
8. Black Boxes
9. Instantiated Netlists

1. Slice Logic
--------------

+----------------------------+-------+-------+-----------+-------+
|          Site Type         |  Used | Fixed | Available | Util% |
+----------------------------+-------+-------+-----------+-------+
| Slice LUTs*                | 63893 |     0 |     78600 | 81.29 |
|   LUT as Logic             | 52146 |     0 |     78600 | 66.34 |
|   LUT as Memory            | 11747 |     0 |     26600 | 44.16 |
|     LUT as Distributed RAM |  6820 |     0 |           |       |
|     LUT as Shift Register  |  4927 |     0 |           |       |
| Slice Registers            | 98180 |     6 |    157200 | 62.46 |
|   Register as Flip Flop    | 98179 |     6 |    157200 | 62.45 |
|   Register as Latch        |     1 |     0 |    157200 | <0.01 |
| F7 Muxes                   |   726 |     0 |     39300 |  1.85 |
| F8 Muxes                   |   140 |     0 |     19650 |  0.71 |
+----------------------------+-------+-------+-----------+-------+
* Warning! The Final LUT count, after physical optimizations and full implementation, is typically lower. Run opt_design after synthesis, if not already completed, for a more realistic count.


1.1 Summary of Registers by Type
--------------------------------

+-------+--------------+-------------+--------------+
| Total | Clock Enable | Synchronous | Asynchronous |
+-------+--------------+-------------+--------------+
| 0     |            _ |           - |            - |
| 0     |            _ |           - |          Set |
| 0     |            _ |           - |        Reset |
| 0     |            _ |         Set |            - |
| 0     |            _ |       Reset |            - |
| 0     |          Yes |           - |            - |
| 400   |          Yes |           - |          Set |
| 17578 |          Yes |           - |        Reset |
| 1157  |          Yes |         Set |            - |
| 79045 |          Yes |       Reset |            - |
+-------+--------------+-------------+--------------+


2. Memory
---------

+-------------------+-------+-------+-----------+-------+
|     Site Type     |  Used | Fixed | Available | Util% |
+-------------------+-------+-------+-----------+-------+
| Block RAM Tile    | 218.5 |     0 |       265 | 82.45 |
|   RAMB36/FIFO*    |   191 |     0 |       265 | 72.08 |
|     RAMB36E1 only |   191 |       |           |       |
|   RAMB18          |    55 |     0 |       530 | 10.38 |
|     RAMB18E1 only |    55 |       |           |       |
+-------------------+-------+-------+-----------+-------+
* Note: Each Block RAM Tile only has one FIFO logic available and therefore can accommodate only one FIFO36E1 or one FIFO18E1. However, if a FIFO18E1 occupies a Block RAM Tile, that tile can still accommodate a RAMB18E1


3. DSP
------

+----------------+------+-------+-----------+-------+
|    Site Type   | Used | Fixed | Available | Util% |
+----------------+------+-------+-----------+-------+
| DSPs           |  252 |     0 |       400 | 63.00 |
|   DSP48E1 only |  252 |       |           |       |
+----------------+------+-------+-----------+-------+


4. IO and GT Specific
---------------------

+-----------------------------+------+-------+-----------+--------+
|          Site Type          | Used | Fixed | Available |  Util% |
+-----------------------------+------+-------+-----------+--------+
| Bonded IOB                  |  133 |   133 |       250 |  53.20 |
|   IOB Master Pads           |   68 |       |           |        |
|   IOB Slave Pads            |   65 |       |           |        |
| Bonded IPADs                |    4 |     4 |        14 |  28.57 |
| Bonded OPADs                |    0 |     0 |         8 |   0.00 |
| Bonded IOPADs               |  130 |   130 |       130 | 100.00 |
| PHY_CONTROL                 |    3 |     3 |         5 |  60.00 |
| PHASER_REF                  |    3 |     3 |         5 |  60.00 |
| OUT_FIFO                    |   11 |    11 |        20 |  55.00 |
| IN_FIFO                     |    8 |     8 |        20 |  40.00 |
| IDELAYCTRL                  |    1 |     0 |         5 |  20.00 |
| IBUFDS                      |    1 |     1 |       240 |   0.42 |
| GTXE2_COMMON                |    1 |     0 |         1 | 100.00 |
| GTXE2_CHANNEL               |    1 |     1 |         4 |  25.00 |
| PHASER_OUT/PHASER_OUT_PHY   |   11 |    11 |        20 |  55.00 |
|   PHASER_OUT_PHY only       |   11 |    11 |           |        |
| PHASER_IN/PHASER_IN_PHY     |    8 |     8 |        20 |  40.00 |
|   PHASER_IN_PHY only        |    8 |     8 |           |        |
| IDELAYE2/IDELAYE2_FINEDELAY |   64 |    64 |       250 |  25.60 |
|   IDELAYE2_FINEDELAY only   |   64 |    64 |           |        |
| ODELAYE2/ODELAYE2_FINEDELAY |    0 |     0 |       150 |   0.00 |
| IBUFDS_GTE2                 |    1 |     1 |         2 |  50.00 |
| ILOGIC                      |   72 |    72 |       250 |  28.80 |
|   IFF_IDDR_Register         |    8 |     8 |           |        |
|   ISERDES                   |   64 |    64 |           |        |
| OLOGIC                      |  121 |   121 |       250 |  48.40 |
|   OUTFF_ODDR_Register       |    9 |     9 |           |        |
|   TFF_ODDR_Register         |    8 |     8 |           |        |
|   OSERDES                   |  112 |   112 |           |        |
+-----------------------------+------+-------+-----------+--------+


5. Clocking
-----------

+--------------+------+-------+-----------+--------+
|   Site Type  | Used | Fixed | Available |  Util% |
+--------------+------+-------+-----------+--------+
| BUFGCTRL     |   16 |     0 |        32 |  50.00 |
| BUFIO        |    1 |     0 |        20 |   5.00 |
|   BUFIO only |    1 |     0 |           |        |
| MMCME2_ADV   |    5 |     1 |         5 | 100.00 |
| PLLE2_ADV    |    3 |     2 |         5 |  60.00 |
| BUFMRCE      |    0 |     0 |        10 |   0.00 |
| BUFHCE       |    1 |     0 |        96 |   1.04 |
| BUFR         |    0 |     0 |        20 |   0.00 |
+--------------+------+-------+-----------+--------+


6. Specific Feature
-------------------

+-------------+------+-------+-----------+-------+
|  Site Type  | Used | Fixed | Available | Util% |
+-------------+------+-------+-----------+-------+
| BSCANE2     |    0 |     0 |         4 |  0.00 |
| CAPTUREE2   |    0 |     0 |         1 |  0.00 |
| DNA_PORT    |    0 |     0 |         1 |  0.00 |
| EFUSE_USR   |    0 |     0 |         1 |  0.00 |
| FRAME_ECCE2 |    0 |     0 |         1 |  0.00 |
| ICAPE2      |    0 |     0 |         2 |  0.00 |
| PCIE_2_1    |    0 |     0 |         1 |  0.00 |
| STARTUPE2   |    0 |     0 |         1 |  0.00 |
| XADC        |    0 |     0 |         1 |  0.00 |
+-------------+------+-------+-----------+-------+


7. Primitives
-------------

+------------------------+-------+----------------------+
|        Ref Name        |  Used |  Functional Category |
+------------------------+-------+----------------------+
| FDRE                   | 79045 |         Flop & Latch |
| LUT3                   | 20348 |                  LUT |
| FDCE                   | 17578 |         Flop & Latch |
| LUT6                   | 16445 |                  LUT |
| LUT2                   |  9961 |                  LUT |
| LUT4                   |  7893 |                  LUT |
| LUT5                   |  7507 |                  LUT |
| RAMD32                 |  5966 |   Distributed Memory |
| SRL16E                 |  4503 |   Distributed Memory |
| CARRY4                 |  3592 |           CarryLogic |
| RAMD64E                |  2840 |   Distributed Memory |
| RAMS32                 |  1986 |   Distributed Memory |
| LUT1                   |  1606 |                  LUT |
| FDSE                   |  1157 |         Flop & Latch |
| MUXF7                  |   726 |                MuxFx |
| SRLC32E                |   424 |   Distributed Memory |
| FDPE                   |   399 |         Flop & Latch |
| DSP48E1                |   252 |     Block Arithmetic |
| RAMB36E1               |   191 |         Block Memory |
| MUXF8                  |   140 |                MuxFx |
| BIBUF                  |   130 |                   IO |
| OSERDESE2              |   112 |                   IO |
| OBUFT_DCIEN            |    64 |                   IO |
| ISERDESE2              |    64 |                   IO |
| IDELAYE2_FINEDELAY     |    64 |                   IO |
| IBUF_IBUFDISABLE       |    64 |                   IO |
| RAMB18E1               |    55 |         Block Memory |
| OBUF                   |    27 |                   IO |
| ODDR                   |    17 |                   IO |
| OBUFTDS_DCIEN          |    16 |                   IO |
| IBUFDS_IBUFDISABLE_INT |    16 |                   IO |
| BUFG                   |    16 |                Clock |
| PHASER_OUT_PHY         |    11 |                   IO |
| OUT_FIFO               |    11 |                   IO |
| OBUFT                  |     9 |                   IO |
| INV                    |     9 |                  LUT |
| IBUF                   |     9 |                   IO |
| PHASER_IN_PHY          |     8 |                   IO |
| IN_FIFO                |     8 |                   IO |
| IDDR                   |     8 |                   IO |
| OBUFDS                 |     6 |                   IO |
| MMCME2_ADV             |     5 |                Clock |
| PLLE2_ADV              |     3 |                Clock |
| PHY_CONTROL            |     3 |                   IO |
| PHASER_REF             |     3 |                   IO |
| PS7                    |     1 | Specialized Resource |
| LDPE                   |     1 |         Flop & Latch |
| IDELAYCTRL             |     1 |                   IO |
| IBUFDS_GTE2            |     1 |                   IO |
| IBUFDS                 |     1 |                   IO |
| GTXE2_COMMON           |     1 |                   IO |
| GTXE2_CHANNEL          |     1 |                   IO |
| BUFIO                  |     1 |                Clock |
| BUFH                   |     1 |                Clock |
+------------------------+-------+----------------------+


8. Black Boxes
--------------

+------------------+------+
|     Ref Name     | Used |
+------------------+------+
| fifo_1_compare_4 |    1 |
+------------------+------+


9. Instantiated Netlists
------------------------

+------------------------------+------+
|           Ref Name           | Used |
+------------------------------+------+
| mna_idfifo_w12               |    4 |
| windex_buf_2b_16w            |    1 |
| sys_clk                      |    1 |
| smpte_sdi                    |    1 |
| rindex_buf_2b_16w            |    1 |
| ps_ai_xbar_4                 |    1 |
| ps_ai_xbar_1                 |    1 |
| ps_ai_xbar_0                 |    1 |
| ps_ai_util_vector_logic_0_0  |    1 |
| ps_ai_s01_regslice_0         |    1 |
| ps_ai_s00_regslice_1         |    1 |
| ps_ai_s00_regslice_0         |    1 |
| ps_ai_processing_system7_0_0 |    1 |
| ps_ai_proc_sys_reset_0_1     |    1 |
| ps_ai_proc_sys_reset_0_0     |    1 |
| ps_ai_m00_regslice_0         |    1 |
| mig_7series_0                |    1 |
| mgtclk                       |    1 |
| fifo_1                       |    1 |
| cmos_clkgen_742_5            |    1 |
| clk_wiz_0                    |    1 |
| afifo_64i_16o_128            |    1 |
| afifo_24w_4096d              |    1 |
| afifo_16i_64o_largebuf       |    1 |
+------------------------------+------+


