

================================================================
== Vivado HLS Report for 'flicker_render_pipeline'
================================================================
* Date:           Wed Sep 30 21:31:45 2026

* Version:        2018.3 (Build 2405991 on Thu Dec 06 23:56:15 MST 2018)
* Project:        hls_pipeline_groupshared_20260930
* Solution:       solution1
* Product family: zynq
* Target device:  xc7z030ffg676-2


================================================================
== Performance Estimates
================================================================
+ Timing (ns): 
    * Summary: 
    +--------+-------+----------+------------+
    |  Clock | Target| Estimated| Uncertainty|
    +--------+-------+----------+------------+
    |ap_clk  |   5.00|     5.292|        0.62|
    +--------+-------+----------+------------+

+ Latency (clock cycles): 
    * Summary: 
    +-----+-----+-----+-----+----------+
    |  Latency  |  Interval | Pipeline |
    | min | max | min | max |   Type   |
    +-----+-----+-----+-----+----------+
    |    ?|    ?|    ?|    ?| dataflow |
    +-----+-----+-----+-----+----------+

    + Detail: 
        * Instance: 
        +-------------------+------------------+-----+-----+-----+-----+----------+
        |                   |                  |  Latency  |  Interval | Pipeline |
        |      Instance     |      Module      | min | max | min | max |   Type   |
        +-------------------+------------------+-----+-----+-----+-----+----------+
        |split_U0           |split             |    ?|    ?|    ?|    ?| dataflow |
        |framed_ctu_U0      |framed_ctu        |    ?|    ?|    ?|    ?| dataflow |
        |render_lane_3u_U0  |render_lane_3u_s  |    ?|    ?|    ?|    ?|   none   |
        |render_lane_2u_U0  |render_lane_2u_s  |    ?|    ?|    ?|    ?|   none   |
        |render_lane_1u_U0  |render_lane_1u_s  |    ?|    ?|    ?|    ?|   none   |
        |render_lane_0u_U0  |render_lane_0u_s  |    ?|    ?|    ?|    ?|   none   |
        |gather_U0          |gather            |    ?|    ?|    ?|    ?|   none   |
        |dispatch_U0        |dispatch          |    ?|    ?|    ?|    ?|   none   |
        +-------------------+------------------+-----+-----+-----+-----+----------+

        * Loop: 
        N/A



================================================================
== Utilization Estimates
================================================================
* Summary: 
+-----------------+---------+-------+--------+-------+
|       Name      | BRAM_18K| DSP48E|   FF   |  LUT  |
+-----------------+---------+-------+--------+-------+
|DSP              |        -|      -|       -|      -|
|Expression       |        -|      -|       0|      3|
|FIFO             |        0|      -|      72|   2698|
|Instance         |      203|    244|   65091|  31246|
|Memory           |        -|      -|       -|      -|
|Multiplexer      |        -|      -|       -|      -|
|Register         |        -|      -|       -|      -|
+-----------------+---------+-------+--------+-------+
|Total            |      203|    244|   65163|  33947|
+-----------------+---------+-------+--------+-------+
|Available        |      530|    400|  157200|  78600|
+-----------------+---------+-------+--------+-------+
|Utilization (%)  |       38|     61|      41|     43|
+-----------------+---------+-------+--------+-------+

+ Detail: 
    * Instance: 
    +-------------------+------------------+---------+-------+-------+------+
    |      Instance     |      Module      | BRAM_18K| DSP48E|   FF  |  LUT |
    +-------------------+------------------+---------+-------+-------+------+
    |dispatch_U0        |dispatch          |        0|      0|    243|    46|
    |framed_ctu_U0      |framed_ctu        |       34|     23|  10086|  5933|
    |gather_U0          |gather            |       16|      0|   1939|   167|
    |render_lane_0u_U0  |render_lane_0u_s  |       20|     54|   9411|  4771|
    |render_lane_1u_U0  |render_lane_1u_s  |       20|     54|   9411|  4803|
    |render_lane_2u_U0  |render_lane_2u_s  |       20|     54|   9411|  4779|
    |render_lane_3u_U0  |render_lane_3u_s  |       20|     54|   9411|  4811|
    |split_U0           |split             |       73|      5|  15179|  5936|
    +-------------------+------------------+---------+-------+-------+------+
    |Total              |                  |      203|    244|  65091| 31246|
    +-------------------+------------------+---------+-------+-------+------+

    * DSP48: 
    N/A

    * Memory: 
    N/A

    * FIFO: 
    +----------------+---------+---+-----+------+-----+---------+
    |      Name      | BRAM_18K| FF| LUT | Depth| Bits| Size:D*B|
    +----------------+---------+---+-----+------+-----+---------+
    |masks_V_V_U     |        0|  7|  529|    16|  512|     8192|
    |mode_c_U        |        0|  5|   44|     2|   32|       64|
    |p0_V_V_U        |        0|  6|  142|     8|  128|     1024|
    |p1_V_V_U        |        0|  6|  142|     8|  128|     1024|
    |p2_V_V_U        |        0|  6|  142|     8|  128|     1024|
    |p3_V_V_U        |        0|  6|  142|     8|  128|     1024|
    |q0_V_V_U        |        0|  6|  246|     8|  232|     1856|
    |q1_V_V_U        |        0|  6|  246|     8|  232|     1856|
    |q2_V_V_U        |        0|  6|  246|     8|  232|     1856|
    |q3_V_V_U        |        0|  6|  246|     8|  232|     1856|
    |subtiles_V_V_U  |        0|  7|  529|    16|  512|     8192|
    |tiles_c_U       |        0|  5|   44|     5|   32|      160|
    +----------------+---------+---+-----+------+-----+---------+
    |Total           |        0| 72| 2698|   103| 2528|    28128|
    +----------------+---------+---+-----+------+-----+---------+

    * Expression: 
    +--------------------------+----------+-------+---+----+------------+------------+
    |       Variable Name      | Operation| DSP48E| FF| LUT| Bitwidth P0| Bitwidth P1|
    +--------------------------+----------+-------+---+----+------------+------------+
    |ap_idle                   |    and   |      0|  0|   1|           1|           1|
    |dispatch_U0_start_full_n  |    and   |      0|  0|   1|           1|           1|
    |split_U0_start_full_n     |    and   |      0|  0|   1|           1|           1|
    +--------------------------+----------+-------+---+----+------------+------------+
    |Total                     |          |      0|  0|   3|           3|           3|
    +--------------------------+----------+-------+---+----+------------+------------+

    * Multiplexer: 
    N/A

    * Register: 
    N/A



================================================================
== Interface
================================================================
* Summary: 
+-------------------+-----+-----+------------+-------------------------+--------------+
|     RTL Ports     | Dir | Bits|  Protocol  |      Source Object      |    C Type    |
+-------------------+-----+-----+------------+-------------------------+--------------+
|input_V_V_dout     |  in |  512|   ap_fifo  |        input_V_V        |    pointer   |
|input_V_V_empty_n  |  in |    1|   ap_fifo  |        input_V_V        |    pointer   |
|input_V_V_read     | out |    1|   ap_fifo  |        input_V_V        |    pointer   |
|output_V_V_din     | out |  512|   ap_fifo  |        output_V_V       |    pointer   |
|output_V_V_full_n  |  in |    1|   ap_fifo  |        output_V_V       |    pointer   |
|output_V_V_write   | out |    1|   ap_fifo  |        output_V_V       |    pointer   |
|tiles              |  in |   32|   ap_none  |          tiles          |    scalar    |
|mode               |  in |   32|   ap_none  |           mode          |    scalar    |
|ap_clk             |  in |    1| ap_ctrl_hs | flicker_render_pipeline | return value |
|ap_rst             |  in |    1| ap_ctrl_hs | flicker_render_pipeline | return value |
|ap_start           |  in |    1| ap_ctrl_hs | flicker_render_pipeline | return value |
|ap_done            | out |    1| ap_ctrl_hs | flicker_render_pipeline | return value |
|ap_ready           | out |    1| ap_ctrl_hs | flicker_render_pipeline | return value |
|ap_idle            | out |    1| ap_ctrl_hs | flicker_render_pipeline | return value |
+-------------------+-----+-----+------------+-------------------------+--------------+

