Python syntax: 158 files passed
test_cli_default_still_checks_upstream_artifacts (__main__.Interfaces.test_cli_default_still_checks_upstream_artifacts) ... ok
test_cli_pose_handoff_without_video (__main__.Interfaces.test_cli_pose_handoff_without_video) ... ok
test_cli_renderer_handoff_without_reconstruction (__main__.Interfaces.test_cli_renderer_handoff_without_reconstruction) ... ok
test_cli_validate_scope_and_result_requirements (__main__.Interfaces.test_cli_validate_scope_and_result_requirements) ... ok
test_pose_artifact_is_independent_of_video_and_database (__main__.Interfaces.test_pose_artifact_is_independent_of_video_and_database) ... ok
test_registered_reference_interfaces (__main__.Interfaces.test_registered_reference_interfaces) ... ok
test_reject_camera_path_escape (__main__.Interfaces.test_reject_camera_path_escape) ... ok
test_reject_duplicate_frame_indices (__main__.Interfaces.test_reject_duplicate_frame_indices) ... ok
test_reject_incomplete_framebuffer (__main__.Interfaces.test_reject_incomplete_framebuffer) ... ok
test_reject_missing_image (__main__.Interfaces.test_reject_missing_image) ... ok
test_reject_model_corruption (__main__.Interfaces.test_reject_model_corruption) ... ok
test_reject_noncentered_intrinsics (__main__.Interfaces.test_reject_noncentered_intrinsics) ... ok
test_reject_reflected_camera (__main__.Interfaces.test_reject_reflected_camera) ... ok
test_reject_wrong_ply_layout_even_with_updated_hash (__main__.Interfaces.test_reject_wrong_ply_layout_even_with_updated_hash) ... ok
test_render_plan_uses_frozen_package (__main__.Interfaces.test_render_plan_uses_frozen_package) ... ok
test_training_command_preserves_cpu_contract (__main__.Interfaces.test_training_command_preserves_cpu_contract) ... ok

----------------------------------------------------------------------
Ran 16 tests in 0.554s

OK
test_archive_preserves_existing_version_rows (__main__.Controls.test_archive_preserves_existing_version_rows) ... ok
test_failed_parent_does_not_leave_observed_worker (__main__.Controls.test_failed_parent_does_not_leave_observed_worker) ... ok
test_plan_is_side_effect_free_and_forces_cpu (__main__.Controls.test_plan_is_side_effect_free_and_forces_cpu) ... ok
test_process_failure_is_not_success (__main__.Controls.test_process_failure_is_not_success) ... ok
test_resume_detects_output_corruption_and_command_change (__main__.Controls.test_resume_detects_output_corruption_and_command_change) ... ok
test_rss_limit_stops_allocating_process (__main__.Controls.test_rss_limit_stops_allocating_process) ... ok
test_success_and_evidence_no_overwrite (__main__.Controls.test_success_and_evidence_no_overwrite) ... ok
test_timeout_terminates_child (__main__.Controls.test_timeout_terminates_child) ... ok

----------------------------------------------------------------------
Ran 8 tests in 2.099s

OK
test_defaults_to_quality_validated_pose_path (__main__.ReconstructEntry.test_defaults_to_quality_validated_pose_path) ... ok
test_forwards_board_options (__main__.ReconstructEntry.test_forwards_board_options) ... ok
test_legacy_bundle_does_not_require_mvsplat (__main__.ReconstructEntry.test_legacy_bundle_does_not_require_mvsplat) ... ok

----------------------------------------------------------------------
Ran 3 tests in 0.112s

OK
usage: pipeline.py [-h]
                   {reconstruct,initialize,video,pose,gaussian,export,render,validate}
                   ...

Reconstruct on the ARM board with MVSplat, or run individual legacy stages.

positional arguments:
  {reconstruct,initialize,video,pose,gaussian,export,render,validate}
    reconstruct         Board video-to-image path using pretrained MVSplat
                        (default: full SfM)
    initialize          Warm MVSplat before video and run one fast-pair scene
    video
    pose
    gaussian            Legacy OpenSplat stage
    export
    render
    validate

options:
  -h, --help            show this help message and exit
test_early_stop_rejects_threshold_crossing_contribution (test_bridge.BridgeTests.test_early_stop_rejects_threshold_crossing_contribution) ... ok
test_indefinite_covariance_rejected (test_bridge.BridgeTests.test_indefinite_covariance_rejected) ... ok
test_pixel_center_and_camera_roundtrip (test_bridge.BridgeTests.test_pixel_center_and_camera_roundtrip) ... ok
test_sh_axes_match_renderer_sign_and_order (test_bridge.BridgeTests.test_sh_axes_match_renderer_sign_and_order) ... ok
test_world_covariance_with_nontrivial_camera_rotation (test_bridge.BridgeTests.test_world_covariance_with_nontrivial_camera_rotation) ... ok
test_invalid_indices_or_no_target_fail (test_fast.FrameSelectionTests.test_invalid_indices_or_no_target_fail) ... ok
test_length_and_explicit_negative_indices (test_fast.FrameSelectionTests.test_length_and_explicit_negative_indices) ... ok
test_original_sequence_is_preserved (test_fast.FrameSelectionTests.test_original_sequence_is_preserved) ... ok
test_legacy_timing_is_explicitly_not_input_end_timing (test_fast.TimingContractTests.test_legacy_timing_is_explicitly_not_input_end_timing) ... ok
test_new_receipt_uses_verified_frame_endpoint (test_fast.TimingContractTests.test_new_receipt_uses_verified_frame_endpoint) ... ok
test_clock_uses_monotonic_and_cannot_be_overridden (test_initialize.EventLogTests.test_clock_uses_monotonic_and_cannot_be_overridden) ... ok
test_main_clock_excludes_preheat_and_video_input (test_initialize.EventLogTests.test_main_clock_excludes_preheat_and_video_input) ... ok
test_missing_or_repeated_event_fails (test_initialize.EventLogTests.test_missing_or_repeated_event_fails) ... ok
test_preexisting_file_receipt_is_not_video_capture_duration (test_initialize.EventLogTests.test_preexisting_file_receipt_is_not_video_capture_duration) ... ok
test_duplicate_context_is_rejected (test_initialize.OverlapTests.test_duplicate_context_is_rejected) ... ok
test_failed_pose_never_publishes_successful_scene (test_initialize.OverlapTests.test_failed_pose_never_publishes_successful_scene) ... ok
test_inference_stays_main_thread_and_overlaps_pose_work (test_initialize.OverlapTests.test_inference_stays_main_thread_and_overlaps_pose_work) ... ok
test_no_context_failure_does_not_deadlock (test_initialize.OverlapTests.test_no_context_failure_does_not_deadlock) ... ok
test_artifact_cannot_escape_bundle (test_npu.NpuContractTests.test_artifact_cannot_escape_bundle) ... ok
test_buffer_budget_descriptor_and_truncated_file_fail_before_use (test_npu.NpuContractTests.test_buffer_budget_descriptor_and_truncated_file_fail_before_use) ... ok
test_compiled_layout_needs_semantics_not_just_same_bytes (test_npu.NpuContractTests.test_compiled_layout_needs_semantics_not_just_same_bytes) ... ok
test_direct_layout_copy_handles_noncontiguous_input (test_npu.NpuContractTests.test_direct_layout_copy_handles_noncontiguous_input) ... ok
test_invalid_commands_do_not_consume_sequence (test_npu.NpuContractTests.test_invalid_commands_do_not_consume_sequence) ... ok
test_invalid_dtype_and_shape_fail (test_npu.NpuContractTests.test_invalid_dtype_and_shape_fail) ... ok
test_layout_roundtrip_and_result_owns_memory (test_npu.NpuContractTests.test_layout_roundtrip_and_result_owns_memory) ... ok
test_old_bridge_is_rejected_before_device_creation (test_npu.NpuContractTests.test_old_bridge_is_rejected_before_device_creation) ... ok
test_shared_buffers_cross_mapping_reuse_preserves_returned_outputs (test_npu.NpuContractTests.test_shared_buffers_cross_mapping_reuse_preserves_returned_outputs) ... ok
test_windows_manifest_paths_resolve_on_the_board (test_npu.NpuContractTests.test_windows_manifest_paths_resolve_on_the_board) ... ok
test_worker_rejects_cpu_claiming_npu (test_npu.NpuContractTests.test_worker_rejects_cpu_claiming_npu) ... ok
test_correct_repeated_execution_passes (test_npu_readiness.ReadinessTests.test_correct_repeated_execution_passes) ... ok
test_corrupted_repeat_cannot_publish_readiness (test_npu_readiness.ReadinessTests.test_corrupted_repeat_cannot_publish_readiness) ... ok

----------------------------------------------------------------------
Ran 31 tests in 0.046s

OK
usage: pipeline.py [-h] [--video VIDEO] --out OUT --weights WEIGHTS --vendor
                   VENDOR --renderer RENDERER
                   [--resident-binary RESIDENT_BINARY] [--size SIZE]
                   [--threads THREADS] [--prepare-threads PREPARE_THREADS]
                   [--serial-prepare | --overlap-prepare]
                   [--focal-ratio FOCAL_RATIO]
                   [--backend {cpu,onnx_reference,npu}]
                   [--partition-bundle PARTITION_BUNDLE]
                   [--partitions PARTITIONS [PARTITIONS ...]]
                   [--npu-library NPU_LIBRARY] [--oracle-graphs ORACLE_GRAPHS]
                   [--worker-python WORKER_PYTHON]
                   [--buffer-policy {shared,per_partition}]
                   [--buffer-limit-mib BUFFER_LIMIT_MIB]

Warm resources before video input, then prepare and render one scene.

options:
  -h, --help            show this help message and exit
  --video VIDEO         Completed local video; omit to supply path after READY
  --out OUT
  --weights WEIGHTS
  --vendor VENDOR
  --renderer RENDERER
  --resident-binary RESIDENT_BINARY
  --size SIZE
  --threads THREADS     Torch intra-op threads; measured 30TAI CPU default
  --prepare-threads PREPARE_THREADS
                        OpenCV/decoder budget
  --serial-prepare      Complete poses before inference (measured default)
  --overlap-prepare     Overlap PnP with inference; use --threads 3 on the
                        four-core board
  --focal-ratio FOCAL_RATIO
  --backend {cpu,onnx_reference,npu}
  --partition-bundle PARTITION_BUNDLE
  --partitions PARTITIONS [PARTITIONS ...]
  --npu-library NPU_LIBRARY
  --oracle-graphs ORACLE_GRAPHS
                        Real-input export oracles; NPU default is graphs
                        beside compiled bundle
  --worker-python WORKER_PYTHON
  --buffer-policy {shared,per_partition}
  --buffer-limit-mib BUFFER_LIMIT_MIB
PASS: offline source and selected contracts. No training, NPU execution or board access.
