bab4681a-d5aa-433b-a90c-69b9eee25343
              total        used        free      shared  buff/cache   available
Mem:            993         175         401           0         417         751
Swap:             0           0           0
Filesystem     1M-blocks  Used Available Use% Mounted on
/dev/root          26156 24401       404  99% /
[2026-03-13 03:36:57.465] [info] Device initialization successful, version information:
[2026-03-13 03:36:57.466] [info] 	icore: FMSHZGV3TECH-AID - 24160628
[2026-03-13 03:36:57.466] [info] 	device: 25122301
[2026-03-13 03:36:57.466] [info] Device Protocol: axi
[2026-03-13 03:36:57.466] [info] Device Name: zg330aiu
[2026-03-13 03:36:57.466] [info] Device Parameters: 
[2026-03-13 03:36:57.466] [info] 	dma: 0x80000000
[2026-03-13 03:36:57.466] [info] 	npu: 0x40000000
offset=0 value=464c4b31
offset=4 value=20000
offset=8 value=0
offset=30 value=20
offset=34 value=12022
offset=38 value=1b5
offset=3c value=80
offset=40 value=1b3
offset=44 value=0
offset=48 value=0
