{"event": "READY", "epoch": 1773374039.7240345, "monotonic": 1554.59368637, "backend": "cpu", "weight_sha256": "83d0d9eaa753fa4a1f925288dc1f90b8c3297fad0ab0f6ed1f11a1c5946da25a", "video_processed": false}
/root/fpga43dgs_reconstruction/arm_env/lib/python3.11/site-packages/torch/functional.py:554: UserWarning: torch.meshgrid: in an upcoming release, it will be required to pass the indexing argument. (Triggered internally at /pytorch/aten/src/ATen/native/TensorShape.cpp:4314.)
  return _VF.meshgrid(tensors, **kwargs)  # type: ignore[attr-defined]
{"prepared": "warm_cpu_overlap3_v1/input", "seconds": 9.174431079999977, "context": [0, 29], "targets": [7, 15, 22], "geometry": {"context_features": [718, 825], "mutual_matches": 233, "essential_pose_inliers": 204, "positive_points": 204, "median_depth_before_normalization": 5.1909094909106575, "translation_scale": 1.9264446851770611, "baseline_after_normalization": 1.9264446851770607, "median_context_disparity_px": 25.900313694962076}}
{
  "world_covariance_relative_frobenius_max": 4.77013648716397e-07,
  "covariance_eigenvalues_clamped": 0,
  "opacity_max_abs_error": 1.233321064719739e-08,
  "means_bitwise_preserved": true,
  "sh0_to_sh3_bitwise_preserved": true,
  "source_sh_degree": 4,
  "exported_sh_degree": 3,
  "sh4_coefficient_max_abs": 0.0005377749330364168,
  "complete": true,
  "gaussians": 32768,
  "cameras": 5,
  "seconds": 4.0782571799998095
}
{
  "complete": true,
  "ready_to_receipt_seconds_record_only": 0.005508220000137953,
  "gaussian_scene_seconds": 32.480745150000075,
  "first_render_seconds": 0.8994206599998051,
  "scene_preparation_seconds": 33.38016580999988
}
